Time	id	x	y	z	state	age	mass
730121.041667	1	0.948718	1.000000	-0.500000	1	0.041667	1.000000
730121.083333	1	0.948718	1.000000	-0.500000	-1	0.041667	1.000000
