Time	id	x	y	z	state	age	mass
730121.041667	1	1.000000	1.000000	-0.499998	1	0.041667	1.000000
730121.083333	1	1.000000	1.000000	-0.499998	-1	0.041667	1.000000
